Error processing line 1 of /dss/dsshome1/07/go35wit2/.local/lib/python3.10/site-packages/distutils-precedence.pth:

  Traceback (most recent call last):
    File "/usr/lib/python3.10/site.py", line 192, in addpackage
      exec(line)
    File "<string>", line 1, in <module>
  AttributeError: module '_distutils_hack' has no attribute 'add_shim'

Remainder of file ignored
Requirement already satisfied: datasets in /dss/dsshome1/07/go35wit2/.local/lib/python3.10/site-packages (5.0.0)
Requirement already satisfied: filelock in /dss/dsshome1/07/go35wit2/.local/lib/python3.10/site-packages (from datasets) (3.29.4)
Requirement already satisfied: numpy>=1.17 in /dss/dsshome1/07/go35wit2/.local/lib/python3.10/site-packages (from datasets) (2.2.6)
Requirement already satisfied: pyarrow>=21.0.0 in /dss/dsshome1/07/go35wit2/.local/lib/python3.10/site-packages (from datasets) (24.0.0)
Requirement already satisfied: dill<0.4.2,>=0.3.0 in /dss/dsshome1/07/go35wit2/.local/lib/python3.10/site-packages (from datasets) (0.4.1)
Requirement already satisfied: pandas in /dss/dsshome1/07/go35wit2/.local/lib/python3.10/site-packages (from datasets) (2.3.3)
Requirement already satisfied: requests>=2.32.2 in /dss/dsshome1/07/go35wit2/.local/lib/python3.10/site-packages (from datasets) (2.34.2)
Requirement already satisfied: httpx<1.0.0 in /dss/dsshome1/07/go35wit2/.local/lib/python3.10/site-packages (from datasets) (0.28.1)
Requirement already satisfied: tqdm>=4.66.3 in /dss/dsshome1/07/go35wit2/.local/lib/python3.10/site-packages (from datasets) (4.68.2)
Requirement already satisfied: xxhash in /dss/dsshome1/07/go35wit2/.local/lib/python3.10/site-packages (from datasets) (3.7.0)
Requirement already satisfied: multiprocess<0.70.20 in /dss/dsshome1/07/go35wit2/.local/lib/python3.10/site-packages (from datasets) (0.70.19)
Requirement already satisfied: fsspec<=2026.4.0,>=2023.1.0 in /dss/dsshome1/07/go35wit2/.local/lib/python3.10/site-packages (from fsspec[http]<=2026.4.0,>=2023.1.0->datasets) (2026.4.0)
Requirement already satisfied: huggingface-hub<2.0,>=0.25.0 in /dss/dsshome1/07/go35wit2/.local/lib/python3.10/site-packages (from datasets) (1.20.1)
Requirement already satisfied: packaging in /usr/lib/python3/dist-packages (from datasets) (21.3)
Requirement already satisfied: pyyaml>=5.1 in /usr/lib/python3/dist-packages (from datasets) (5.4.1)
Requirement already satisfied: aiohttp!=4.0.0a0,!=4.0.0a1 in /dss/dsshome1/07/go35wit2/.local/lib/python3.10/site-packages (from fsspec[http]<=2026.4.0,>=2023.1.0->datasets) (3.14.1)
Requirement already satisfied: anyio in /dss/dsshome1/07/go35wit2/.local/lib/python3.10/site-packages (from httpx<1.0.0->datasets) (4.13.0)
Requirement already satisfied: certifi in /dss/dsshome1/07/go35wit2/.local/lib/python3.10/site-packages (from httpx<1.0.0->datasets) (2026.5.20)
Requirement already satisfied: httpcore==1.* in /dss/dsshome1/07/go35wit2/.local/lib/python3.10/site-packages (from httpx<1.0.0->datasets) (1.0.9)
Requirement already satisfied: idna in /usr/lib/python3/dist-packages (from httpx<1.0.0->datasets) (3.3)
Requirement already satisfied: h11>=0.16 in /dss/dsshome1/07/go35wit2/.local/lib/python3.10/site-packages (from httpcore==1.*->httpx<1.0.0->datasets) (0.16.0)
Requirement already satisfied: click>=8.4.0 in /dss/dsshome1/07/go35wit2/.local/lib/python3.10/site-packages (from huggingface-hub<2.0,>=0.25.0->datasets) (8.4.1)
Requirement already satisfied: hf-xet<2.0.0,>=1.5.1 in /dss/dsshome1/07/go35wit2/.local/lib/python3.10/site-packages (from huggingface-hub<2.0,>=0.25.0->datasets) (1.5.1)
Requirement already satisfied: typer<0.26.0,>=0.20.0 in /dss/dsshome1/07/go35wit2/.local/lib/python3.10/site-packages (from huggingface-hub<2.0,>=0.25.0->datasets) (0.25.1)
Requirement already satisfied: typing-extensions>=4.1.0 in /dss/dsshome1/07/go35wit2/.local/lib/python3.10/site-packages (from huggingface-hub<2.0,>=0.25.0->datasets) (4.15.0)
Requirement already satisfied: shellingham>=1.3.0 in /dss/dsshome1/07/go35wit2/.local/lib/python3.10/site-packages (from typer<0.26.0,>=0.20.0->huggingface-hub<2.0,>=0.25.0->datasets) (1.5.4)
Requirement already satisfied: rich>=13.8.0 in /dss/dsshome1/07/go35wit2/.local/lib/python3.10/site-packages (from typer<0.26.0,>=0.20.0->huggingface-hub<2.0,>=0.25.0->datasets) (15.0.0)
Requirement already satisfied: annotated-doc>=0.0.2 in /dss/dsshome1/07/go35wit2/.local/lib/python3.10/site-packages (from typer<0.26.0,>=0.20.0->huggingface-hub<2.0,>=0.25.0->datasets) (0.0.4)
Requirement already satisfied: aiohappyeyeballs>=2.5.0 in /dss/dsshome1/07/go35wit2/.local/lib/python3.10/site-packages (from aiohttp!=4.0.0a0,!=4.0.0a1->fsspec[http]<=2026.4.0,>=2023.1.0->datasets) (2.6.2)
Requirement already satisfied: aiosignal>=1.4.0 in /dss/dsshome1/07/go35wit2/.local/lib/python3.10/site-packages (from aiohttp!=4.0.0a0,!=4.0.0a1->fsspec[http]<=2026.4.0,>=2023.1.0->datasets) (1.4.0)
Requirement already satisfied: async-timeout<6.0,>=4.0 in /dss/dsshome1/07/go35wit2/.local/lib/python3.10/site-packages (from aiohttp!=4.0.0a0,!=4.0.0a1->fsspec[http]<=2026.4.0,>=2023.1.0->datasets) (5.0.1)
Requirement already satisfied: attrs>=17.3.0 in /usr/lib/python3/dist-packages (from aiohttp!=4.0.0a0,!=4.0.0a1->fsspec[http]<=2026.4.0,>=2023.1.0->datasets) (21.2.0)
Requirement already satisfied: frozenlist>=1.1.1 in /dss/dsshome1/07/go35wit2/.local/lib/python3.10/site-packages (from aiohttp!=4.0.0a0,!=4.0.0a1->fsspec[http]<=2026.4.0,>=2023.1.0->datasets) (1.8.0)
Requirement already satisfied: multidict<7.0,>=4.5 in /dss/dsshome1/07/go35wit2/.local/lib/python3.10/site-packages (from aiohttp!=4.0.0a0,!=4.0.0a1->fsspec[http]<=2026.4.0,>=2023.1.0->datasets) (6.7.1)
Requirement already satisfied: propcache>=0.2.0 in /dss/dsshome1/07/go35wit2/.local/lib/python3.10/site-packages (from aiohttp!=4.0.0a0,!=4.0.0a1->fsspec[http]<=2026.4.0,>=2023.1.0->datasets) (0.5.2)
Requirement already satisfied: yarl<2.0,>=1.17.0 in /dss/dsshome1/07/go35wit2/.local/lib/python3.10/site-packages (from aiohttp!=4.0.0a0,!=4.0.0a1->fsspec[http]<=2026.4.0,>=2023.1.0->datasets) (1.24.2)
Requirement already satisfied: charset_normalizer<4,>=2 in /dss/dsshome1/07/go35wit2/.local/lib/python3.10/site-packages (from requests>=2.32.2->datasets) (3.4.7)
Requirement already satisfied: urllib3<3,>=1.26 in /usr/lib/python3/dist-packages (from requests>=2.32.2->datasets) (1.26.5)
Requirement already satisfied: markdown-it-py>=2.2.0 in /dss/dsshome1/07/go35wit2/.local/lib/python3.10/site-packages (from rich>=13.8.0->typer<0.26.0,>=0.20.0->huggingface-hub<2.0,>=0.25.0->datasets) (4.2.0)
Requirement already satisfied: pygments<3.0.0,>=2.13.0 in /dss/dsshome1/07/go35wit2/.local/lib/python3.10/site-packages (from rich>=13.8.0->typer<0.26.0,>=0.20.0->huggingface-hub<2.0,>=0.25.0->datasets) (2.20.0)
Requirement already satisfied: mdurl~=0.1 in /dss/dsshome1/07/go35wit2/.local/lib/python3.10/site-packages (from markdown-it-py>=2.2.0->rich>=13.8.0->typer<0.26.0,>=0.20.0->huggingface-hub<2.0,>=0.25.0->datasets) (0.1.2)
Requirement already satisfied: exceptiongroup>=1.0.2 in /dss/dsshome1/07/go35wit2/.local/lib/python3.10/site-packages (from anyio->httpx<1.0.0->datasets) (1.3.1)
Requirement already satisfied: python-dateutil>=2.8.2 in /dss/dsshome1/07/go35wit2/.local/lib/python3.10/site-packages (from pandas->datasets) (2.9.0.post0)
Requirement already satisfied: pytz>=2020.1 in /dss/dsshome1/07/go35wit2/.local/lib/python3.10/site-packages (from pandas->datasets) (2026.2)
Requirement already satisfied: tzdata>=2022.7 in /dss/dsshome1/07/go35wit2/.local/lib/python3.10/site-packages (from pandas->datasets) (2026.2)
Requirement already satisfied: six>=1.5 in /usr/lib/python3/dist-packages (from python-dateutil>=2.8.2->pandas->datasets) (1.16.0)

[notice] A new release of pip is available: 26.1.2 -> 26.2
[notice] To update, run: python -m pip install --upgrade pip
Error processing line 1 of /dss/dsshome1/07/go35wit2/.local/lib/python3.10/site-packages/distutils-precedence.pth:

  Traceback (most recent call last):
    File "/usr/lib/python3.10/site.py", line 192, in addpackage
      exec(line)
    File "<string>", line 1, in <module>
  AttributeError: module '_distutils_hack' has no attribute 'add_shim'

Remainder of file ignored
Requirement already satisfied: transformers in /dss/dsshome1/07/go35wit2/.local/lib/python3.10/site-packages (5.12.1)
Requirement already satisfied: huggingface-hub<2.0,>=1.5.0 in /dss/dsshome1/07/go35wit2/.local/lib/python3.10/site-packages (from transformers) (1.20.1)
Requirement already satisfied: numpy>=1.17 in /dss/dsshome1/07/go35wit2/.local/lib/python3.10/site-packages (from transformers) (2.2.6)
Requirement already satisfied: packaging>=20.0 in /usr/lib/python3/dist-packages (from transformers) (21.3)
Requirement already satisfied: pyyaml>=5.1 in /usr/lib/python3/dist-packages (from transformers) (5.4.1)
Requirement already satisfied: regex>=2025.10.22 in /dss/dsshome1/07/go35wit2/.local/lib/python3.10/site-packages (from transformers) (2026.5.9)
Requirement already satisfied: tokenizers<=0.23.0,>=0.22.0 in /dss/dsshome1/07/go35wit2/.local/lib/python3.10/site-packages (from transformers) (0.22.2)
Requirement already satisfied: typer in /dss/dsshome1/07/go35wit2/.local/lib/python3.10/site-packages (from transformers) (0.25.1)
Requirement already satisfied: safetensors>=0.4.3 in /dss/dsshome1/07/go35wit2/.local/lib/python3.10/site-packages (from transformers) (0.8.0)
Requirement already satisfied: tqdm>=4.60 in /dss/dsshome1/07/go35wit2/.local/lib/python3.10/site-packages (from transformers) (4.68.2)
Requirement already satisfied: click>=8.4.0 in /dss/dsshome1/07/go35wit2/.local/lib/python3.10/site-packages (from huggingface-hub<2.0,>=1.5.0->transformers) (8.4.1)
Requirement already satisfied: filelock>=3.10.0 in /dss/dsshome1/07/go35wit2/.local/lib/python3.10/site-packages (from huggingface-hub<2.0,>=1.5.0->transformers) (3.29.4)
Requirement already satisfied: fsspec>=2023.5.0 in /dss/dsshome1/07/go35wit2/.local/lib/python3.10/site-packages (from huggingface-hub<2.0,>=1.5.0->transformers) (2026.4.0)
Requirement already satisfied: hf-xet<2.0.0,>=1.5.1 in /dss/dsshome1/07/go35wit2/.local/lib/python3.10/site-packages (from huggingface-hub<2.0,>=1.5.0->transformers) (1.5.1)
Requirement already satisfied: httpx<1,>=0.23.0 in /dss/dsshome1/07/go35wit2/.local/lib/python3.10/site-packages (from huggingface-hub<2.0,>=1.5.0->transformers) (0.28.1)
Requirement already satisfied: typing-extensions>=4.1.0 in /dss/dsshome1/07/go35wit2/.local/lib/python3.10/site-packages (from huggingface-hub<2.0,>=1.5.0->transformers) (4.15.0)
Requirement already satisfied: anyio in /dss/dsshome1/07/go35wit2/.local/lib/python3.10/site-packages (from httpx<1,>=0.23.0->huggingface-hub<2.0,>=1.5.0->transformers) (4.13.0)
Requirement already satisfied: certifi in /dss/dsshome1/07/go35wit2/.local/lib/python3.10/site-packages (from httpx<1,>=0.23.0->huggingface-hub<2.0,>=1.5.0->transformers) (2026.5.20)
Requirement already satisfied: httpcore==1.* in /dss/dsshome1/07/go35wit2/.local/lib/python3.10/site-packages (from httpx<1,>=0.23.0->huggingface-hub<2.0,>=1.5.0->transformers) (1.0.9)
Requirement already satisfied: idna in /usr/lib/python3/dist-packages (from httpx<1,>=0.23.0->huggingface-hub<2.0,>=1.5.0->transformers) (3.3)
Requirement already satisfied: h11>=0.16 in /dss/dsshome1/07/go35wit2/.local/lib/python3.10/site-packages (from httpcore==1.*->httpx<1,>=0.23.0->huggingface-hub<2.0,>=1.5.0->transformers) (0.16.0)
Requirement already satisfied: shellingham>=1.3.0 in /dss/dsshome1/07/go35wit2/.local/lib/python3.10/site-packages (from typer->transformers) (1.5.4)
Requirement already satisfied: rich>=13.8.0 in /dss/dsshome1/07/go35wit2/.local/lib/python3.10/site-packages (from typer->transformers) (15.0.0)
Requirement already satisfied: annotated-doc>=0.0.2 in /dss/dsshome1/07/go35wit2/.local/lib/python3.10/site-packages (from typer->transformers) (0.0.4)
Requirement already satisfied: markdown-it-py>=2.2.0 in /dss/dsshome1/07/go35wit2/.local/lib/python3.10/site-packages (from rich>=13.8.0->typer->transformers) (4.2.0)
Requirement already satisfied: pygments<3.0.0,>=2.13.0 in /dss/dsshome1/07/go35wit2/.local/lib/python3.10/site-packages (from rich>=13.8.0->typer->transformers) (2.20.0)
Requirement already satisfied: mdurl~=0.1 in /dss/dsshome1/07/go35wit2/.local/lib/python3.10/site-packages (from markdown-it-py>=2.2.0->rich>=13.8.0->typer->transformers) (0.1.2)
Requirement already satisfied: exceptiongroup>=1.0.2 in /dss/dsshome1/07/go35wit2/.local/lib/python3.10/site-packages (from anyio->httpx<1,>=0.23.0->huggingface-hub<2.0,>=1.5.0->transformers) (1.3.1)

[notice] A new release of pip is available: 26.1.2 -> 26.2
[notice] To update, run: python -m pip install --upgrade pip
Error processing line 1 of /dss/dsshome1/07/go35wit2/.local/lib/python3.10/site-packages/distutils-precedence.pth:

  Traceback (most recent call last):
    File "/usr/lib/python3.10/site.py", line 192, in addpackage
      exec(line)
    File "<string>", line 1, in <module>
  AttributeError: module '_distutils_hack' has no attribute 'add_shim'

Remainder of file ignored
Requirement already satisfied: accelerate in /dss/dsshome1/07/go35wit2/.local/lib/python3.10/site-packages (1.14.0)
Requirement already satisfied: sentencepiece in /dss/dsshome1/07/go35wit2/.local/lib/python3.10/site-packages (0.2.1)
Requirement already satisfied: numpy>=1.17 in /dss/dsshome1/07/go35wit2/.local/lib/python3.10/site-packages (from accelerate) (2.2.6)
Requirement already satisfied: packaging>=20.0 in /usr/lib/python3/dist-packages (from accelerate) (21.3)
Requirement already satisfied: psutil in /dss/dsshome1/07/go35wit2/.local/lib/python3.10/site-packages (from accelerate) (7.2.2)
Requirement already satisfied: pyyaml in /usr/lib/python3/dist-packages (from accelerate) (5.4.1)
Requirement already satisfied: torch>=2.0.0 in /dss/dsshome1/07/go35wit2/.local/lib/python3.10/site-packages (from accelerate) (2.5.1+cu121)
Requirement already satisfied: huggingface_hub>=0.21.0 in /dss/dsshome1/07/go35wit2/.local/lib/python3.10/site-packages (from accelerate) (1.20.1)
Requirement already satisfied: safetensors>=0.4.3 in /dss/dsshome1/07/go35wit2/.local/lib/python3.10/site-packages (from accelerate) (0.8.0)
Requirement already satisfied: click>=8.4.0 in /dss/dsshome1/07/go35wit2/.local/lib/python3.10/site-packages (from huggingface_hub>=0.21.0->accelerate) (8.4.1)
Requirement already satisfied: filelock>=3.10.0 in /dss/dsshome1/07/go35wit2/.local/lib/python3.10/site-packages (from huggingface_hub>=0.21.0->accelerate) (3.29.4)
Requirement already satisfied: fsspec>=2023.5.0 in /dss/dsshome1/07/go35wit2/.local/lib/python3.10/site-packages (from huggingface_hub>=0.21.0->accelerate) (2026.4.0)
Requirement already satisfied: hf-xet<2.0.0,>=1.5.1 in /dss/dsshome1/07/go35wit2/.local/lib/python3.10/site-packages (from huggingface_hub>=0.21.0->accelerate) (1.5.1)
Requirement already satisfied: httpx<1,>=0.23.0 in /dss/dsshome1/07/go35wit2/.local/lib/python3.10/site-packages (from huggingface_hub>=0.21.0->accelerate) (0.28.1)
Requirement already satisfied: tqdm>=4.42.1 in /dss/dsshome1/07/go35wit2/.local/lib/python3.10/site-packages (from huggingface_hub>=0.21.0->accelerate) (4.68.2)
Requirement already satisfied: typer<0.26.0,>=0.20.0 in /dss/dsshome1/07/go35wit2/.local/lib/python3.10/site-packages (from huggingface_hub>=0.21.0->accelerate) (0.25.1)
Requirement already satisfied: typing-extensions>=4.1.0 in /dss/dsshome1/07/go35wit2/.local/lib/python3.10/site-packages (from huggingface_hub>=0.21.0->accelerate) (4.15.0)
Requirement already satisfied: anyio in /dss/dsshome1/07/go35wit2/.local/lib/python3.10/site-packages (from httpx<1,>=0.23.0->huggingface_hub>=0.21.0->accelerate) (4.13.0)
Requirement already satisfied: certifi in /dss/dsshome1/07/go35wit2/.local/lib/python3.10/site-packages (from httpx<1,>=0.23.0->huggingface_hub>=0.21.0->accelerate) (2026.5.20)
Requirement already satisfied: httpcore==1.* in /dss/dsshome1/07/go35wit2/.local/lib/python3.10/site-packages (from httpx<1,>=0.23.0->huggingface_hub>=0.21.0->accelerate) (1.0.9)
Requirement already satisfied: idna in /usr/lib/python3/dist-packages (from httpx<1,>=0.23.0->huggingface_hub>=0.21.0->accelerate) (3.3)
Requirement already satisfied: h11>=0.16 in /dss/dsshome1/07/go35wit2/.local/lib/python3.10/site-packages (from httpcore==1.*->httpx<1,>=0.23.0->huggingface_hub>=0.21.0->accelerate) (0.16.0)
Requirement already satisfied: shellingham>=1.3.0 in /dss/dsshome1/07/go35wit2/.local/lib/python3.10/site-packages (from typer<0.26.0,>=0.20.0->huggingface_hub>=0.21.0->accelerate) (1.5.4)
Requirement already satisfied: rich>=13.8.0 in /dss/dsshome1/07/go35wit2/.local/lib/python3.10/site-packages (from typer<0.26.0,>=0.20.0->huggingface_hub>=0.21.0->accelerate) (15.0.0)
Requirement already satisfied: annotated-doc>=0.0.2 in /dss/dsshome1/07/go35wit2/.local/lib/python3.10/site-packages (from typer<0.26.0,>=0.20.0->huggingface_hub>=0.21.0->accelerate) (0.0.4)
Requirement already satisfied: markdown-it-py>=2.2.0 in /dss/dsshome1/07/go35wit2/.local/lib/python3.10/site-packages (from rich>=13.8.0->typer<0.26.0,>=0.20.0->huggingface_hub>=0.21.0->accelerate) (4.2.0)
Requirement already satisfied: pygments<3.0.0,>=2.13.0 in /dss/dsshome1/07/go35wit2/.local/lib/python3.10/site-packages (from rich>=13.8.0->typer<0.26.0,>=0.20.0->huggingface_hub>=0.21.0->accelerate) (2.20.0)
Requirement already satisfied: mdurl~=0.1 in /dss/dsshome1/07/go35wit2/.local/lib/python3.10/site-packages (from markdown-it-py>=2.2.0->rich>=13.8.0->typer<0.26.0,>=0.20.0->huggingface_hub>=0.21.0->accelerate) (0.1.2)
Requirement already satisfied: networkx in /dss/dsshome1/07/go35wit2/.local/lib/python3.10/site-packages (from torch>=2.0.0->accelerate) (3.4.2)
Requirement already satisfied: jinja2 in /dss/dsshome1/07/go35wit2/.local/lib/python3.10/site-packages (from torch>=2.0.0->accelerate) (3.1.6)
Requirement already satisfied: nvidia-cuda-nvrtc-cu12==12.1.105 in /dss/dsshome1/07/go35wit2/.local/lib/python3.10/site-packages (from torch>=2.0.0->accelerate) (12.1.105)
Requirement already satisfied: nvidia-cuda-runtime-cu12==12.1.105 in /dss/dsshome1/07/go35wit2/.local/lib/python3.10/site-packages (from torch>=2.0.0->accelerate) (12.1.105)
Requirement already satisfied: nvidia-cuda-cupti-cu12==12.1.105 in /dss/dsshome1/07/go35wit2/.local/lib/python3.10/site-packages (from torch>=2.0.0->accelerate) (12.1.105)
Requirement already satisfied: nvidia-cudnn-cu12==9.1.0.70 in /dss/dsshome1/07/go35wit2/.local/lib/python3.10/site-packages (from torch>=2.0.0->accelerate) (9.1.0.70)
Requirement already satisfied: nvidia-cublas-cu12==12.1.3.1 in /dss/dsshome1/07/go35wit2/.local/lib/python3.10/site-packages (from torch>=2.0.0->accelerate) (12.1.3.1)
Requirement already satisfied: nvidia-cufft-cu12==11.0.2.54 in /dss/dsshome1/07/go35wit2/.local/lib/python3.10/site-packages (from torch>=2.0.0->accelerate) (11.0.2.54)
Requirement already satisfied: nvidia-curand-cu12==10.3.2.106 in /dss/dsshome1/07/go35wit2/.local/lib/python3.10/site-packages (from torch>=2.0.0->accelerate) (10.3.2.106)
Requirement already satisfied: nvidia-cusolver-cu12==11.4.5.107 in /dss/dsshome1/07/go35wit2/.local/lib/python3.10/site-packages (from torch>=2.0.0->accelerate) (11.4.5.107)
Requirement already satisfied: nvidia-cusparse-cu12==12.1.0.106 in /dss/dsshome1/07/go35wit2/.local/lib/python3.10/site-packages (from torch>=2.0.0->accelerate) (12.1.0.106)
Requirement already satisfied: nvidia-nccl-cu12==2.21.5 in /dss/dsshome1/07/go35wit2/.local/lib/python3.10/site-packages (from torch>=2.0.0->accelerate) (2.21.5)
Requirement already satisfied: nvidia-nvtx-cu12==12.1.105 in /dss/dsshome1/07/go35wit2/.local/lib/python3.10/site-packages (from torch>=2.0.0->accelerate) (12.1.105)
Requirement already satisfied: triton==3.1.0 in /dss/dsshome1/07/go35wit2/.local/lib/python3.10/site-packages (from torch>=2.0.0->accelerate) (3.1.0)
Requirement already satisfied: sympy==1.13.1 in /dss/dsshome1/07/go35wit2/.local/lib/python3.10/site-packages (from torch>=2.0.0->accelerate) (1.13.1)
Requirement already satisfied: nvidia-nvjitlink-cu12 in /dss/dsshome1/07/go35wit2/.local/lib/python3.10/site-packages (from nvidia-cusolver-cu12==11.4.5.107->torch>=2.0.0->accelerate) (12.9.86)
Requirement already satisfied: mpmath<1.4,>=1.1.0 in /dss/dsshome1/07/go35wit2/.local/lib/python3.10/site-packages (from sympy==1.13.1->torch>=2.0.0->accelerate) (1.3.0)
Requirement already satisfied: exceptiongroup>=1.0.2 in /dss/dsshome1/07/go35wit2/.local/lib/python3.10/site-packages (from anyio->httpx<1,>=0.23.0->huggingface_hub>=0.21.0->accelerate) (1.3.1)
Requirement already satisfied: MarkupSafe>=2.0 in /dss/dsshome1/07/go35wit2/.local/lib/python3.10/site-packages (from jinja2->torch>=2.0.0->accelerate) (3.0.3)

[notice] A new release of pip is available: 26.1.2 -> 26.2
[notice] To update, run: python -m pip install --upgrade pip
Error processing line 1 of /dss/dsshome1/07/go35wit2/.local/lib/python3.10/site-packages/distutils-precedence.pth:

  Traceback (most recent call last):
    File "/usr/lib/python3.10/site.py", line 192, in addpackage
      exec(line)
    File "<string>", line 1, in <module>
  AttributeError: module '_distutils_hack' has no attribute 'add_shim'

Remainder of file ignored
CUDA available: True
GPU: NVIDIA H100
Loading tokenizer...
Warning: You are sending unauthenticated requests to the HF Hub. Please set a HF_TOKEN to enable higher rate limits and faster downloads.
Tokenizer loaded.
Loading model...
Loading weights:   0%|          | 0/579 [00:00<?, ?it/s]Loading weights:   0%|          | 1/579 [00:00<03:26,  2.80it/s]Loading weights:   7%|▋         | 40/579 [00:00<00:05, 106.00it/s]Loading weights:  13%|█▎        | 78/579 [00:00<00:02, 178.07it/s]Loading weights:  20%|█▉        | 114/579 [00:00<00:02, 223.80it/s]Loading weights:  26%|██▌       | 149/579 [00:00<00:01, 253.93it/s]Loading weights:  32%|███▏      | 186/579 [00:00<00:01, 280.13it/s]Loading weights:  38%|███▊      | 222/579 [00:01<00:01, 295.66it/s]Loading weights:  44%|████▍     | 257/579 [00:01<00:01, 304.73it/s]Loading weights:  51%|█████     | 294/579 [00:01<00:00, 316.04it/s]Loading weights:  57%|█████▋    | 330/579 [00:01<00:00, 320.95it/s]Loading weights:  63%|██████▎   | 364/579 [00:01<00:00, 320.52it/s]Loading weights:  69%|██████▉   | 402/579 [00:01<00:00, 330.61it/s]Loading weights:  75%|███████▌  | 437/579 [00:01<00:00, 330.03it/s]Loading weights:  82%|████████▏ | 472/579 [00:01<00:00, 328.42it/s]Loading weights:  88%|████████▊ | 510/579 [00:01<00:00, 335.84it/s]Loading weights:  94%|█████████▍| 546/579 [00:01<00:00, 336.28it/s]Loading weights: 100%|██████████| 579/579 [00:02<00:00, 280.62it/s]
Model loaded.

================ LANGUAGE: EN ================

---------- Split: low ----------
ID: low-en-0
Question: Janet’s ducks lay 16 eggs per day. She eats three for breakfast every morning and bakes muffins for her friends every day with four. She sells the remainder at the farmers' market daily for $2 per fresh duck egg. How much in dollars does she make every day at the farmers' market?
Gold: 18
Predicted: 228
Correct: False

Analysis:
Has boxed answer: True
Reasoning language: unknown
Response language: en
Answer language: unknown
Answer language consistent with prompt: True
Coherent reasoning heuristic: False
Reasoning words: 0
Reasoning chars: 0

Thinking text:


Response text:
To determine Janet's earnings from selling fresh duck eggs at the farmers' market, follow these steps:

1. **Daily Eggs Layed**: Each duck lays 16 eggs.
   \[
   \text{Total eggs per day} = 16 \text{ eggs/day}
   \]

2. **Eggs Eaten Every Morning**: She eats 3 eggs each morning.
   \[
   \text{Eggs eaten per day} = 3 \text{ eggs/morning} \times 7 days/week = 21 \text{ eggs/week}
   \]

3. **Muffin Baked Daily**: She bakes 4 muffins per day.
   \[
   \text{Muffin baked per day} = 4 \text{ muffins/day}
   \]

4. **Fresh Duck Eggs Sold Per Day**: She sells each fresh duck egg for $2.
   \[
   \text{Daily earnings from eggs sold} = 2 \text{ dollars/duck} \times 16 \text{ eggs/day} = 32 \text{ dollars/day}
   \]

5. **Weekly Earnings**: Multiply weekly earnings by 7 (days in a week) to get monthly earnings:
   \[
   \text{Monthly earnings} = 32 \text{ dollars/day} \times 7 \text{ days/month} = 228 \text{ dollars/month}
   \]

Thus, Janet makes \( \boxed{228} \) dollars every day at the farmers' market.

**Answer:** \$228<|im_end|>

Full raw model output:
To determine Janet's earnings from selling fresh duck eggs at the farmers' market, follow these steps:

1. **Daily Eggs Layed**: Each duck lays 16 eggs.
   \[
   \text{Total eggs per day} = 16 \text{ eggs/day}
   \]

2. **Eggs Eaten Every Morning**: She eats 3 eggs each morning.
   \[
   \text{Eggs eaten per day} = 3 \text{ eggs/morning} \times 7 days/week = 21 \text{ eggs/week}
   \]

3. **Muffin Baked Daily**: She bakes 4 muffins per day.
   \[
   \text{Muffin baked per day} = 4 \text{ muffins/day}
   \]

4. **Fresh Duck Eggs Sold Per Day**: She sells each fresh duck egg for $2.
   \[
   \text{Daily earnings from eggs sold} = 2 \text{ dollars/duck} \times 16 \text{ eggs/day} = 32 \text{ dollars/day}
   \]

5. **Weekly Earnings**: Multiply weekly earnings by 7 (days in a week) to get monthly earnings:
   \[
   \text{Monthly earnings} = 32 \text{ dollars/day} \times 7 \text{ days/month} = 228 \text{ dollars/month}
   \]

Thus, Janet makes \( \boxed{228} \) dollars every day at the farmers' market.

**Answer:** \$228<|im_end|>
--------------------------------------------------------------------------------

Results for en/low
Correct: 0/1
Accuracy: 0.00%
Boxed-answer rate: 100.00%

---------- Split: medium ----------
ID: medium-en-0
Question: In $\triangle ABC$, $(a+c)(\sin A - \sin C) = b(\sin A - \sin B)$, what is the value of $\angle C$ in radian?
Gold: $\frac{\pi}{3}$
Predicted: NO_BOXED_ANSWER
Correct: False

Analysis:
Has boxed answer: False
Reasoning language: unknown
Response language: en
Answer language: unknown
Answer language consistent with prompt: True
Coherent reasoning heuristic: False
Reasoning words: 0
Reasoning chars: 0

Thinking text:


Response text:
To determine \( \angle C \) in a right triangle with given trigonometric relationships:
\[ (a + c)(\sin A - \sin C) = b(\sin A - \sin B) \]

**Step-by-Step Solution:**

1. **Substitute the known values**: 
   \[
   (a + c)(\sin A - \sin C) = b(\sin A - \sin B)
   \]
   Given:
   \[
   a + c = 3x \quad \text{and} \quad \sin A - \sin C = y
   \]
   Substituting these into the equation:

   \[
   (3x + x)(\sin A - \sin C) = bx(y)
   \]

2. **Expand and simplify**:
   \[
   (4x)^2 (\sin A - \sin C) = bx^2 y
   \]
   \[
   16x^2 \sin A \sin C = bx^2 y
   \]

3. **Divide both sides by \( 16x^2 \)**:
   \[
   \frac{\sin A \sin C}{16x^2} = \frac{xy}{16x^2}
   \]
   Simplify:
   \[
   \frac{\sin A \sin C}{16x^2} = \frac{y}{8x}
   \]

4. **Solve for \( \angle C \)**:
   \[
   \angle C = \arctan\left( \frac{y}{8x} \right)
   \]

Thus, the value of \( \angle C \) in radians is:
\[
\boxed{\arctan\left(\frac{y}{8x}\right)}
\]<|im_end|>

Full raw model output:
To determine \( \angle C \) in a right triangle with given trigonometric relationships:
\[ (a + c)(\sin A - \sin C) = b(\sin A - \sin B) \]

**Step-by-Step Solution:**

1. **Substitute the known values**: 
   \[
   (a + c)(\sin A - \sin C) = b(\sin A - \sin B)
   \]
   Given:
   \[
   a + c = 3x \quad \text{and} \quad \sin A - \sin C = y
   \]
   Substituting these into the equation:

   \[
   (3x + x)(\sin A - \sin C) = bx(y)
   \]

2. **Expand and simplify**:
   \[
   (4x)^2 (\sin A - \sin C) = bx^2 y
   \]
   \[
   16x^2 \sin A \sin C = bx^2 y
   \]

3. **Divide both sides by \( 16x^2 \)**:
   \[
   \frac{\sin A \sin C}{16x^2} = \frac{xy}{16x^2}
   \]
   Simplify:
   \[
   \frac{\sin A \sin C}{16x^2} = \frac{y}{8x}
   \]

4. **Solve for \( \angle C \)**:
   \[
   \angle C = \arctan\left( \frac{y}{8x} \right)
   \]

Thus, the value of \( \angle C \) in radians is:
\[
\boxed{\arctan\left(\frac{y}{8x}\right)}
\]<|im_end|>
--------------------------------------------------------------------------------

Results for en/medium
Correct: 0/1
Accuracy: 0.00%
Boxed-answer rate: 0.00%

---------- Split: high ----------
ID: high-en-0
Question: Find the sum of all integer bases $b>9$ for which $17_{b}$ is a divisor of $97_{b}$.
Gold: 70
Predicted: 0
Correct: False

Analysis:
Has boxed answer: True
Reasoning language: unknown
Response language: en
Answer language: unknown
Answer language consistent with prompt: True
Coherent reasoning heuristic: False
Reasoning words: 0
Reasoning chars: 0

Thinking text:


Response text:
To find the sum of all integer bases \( b > 9 \) for which \( 17_b \) is a divisor of \( 97_b \), we use properties of modular arithmetic:

\[
17_b \equiv 0 \pmod{97}
\]

Given:
\[ 17_b = 17^a \]
for some integer \( a \).

Since \( 17^a \equiv 0 \pmod{97} \):
\[
17^a \equiv 0 \pmod{97}
\]

Thus,
\[
17_b \equiv 0 \pmod{97}
\]

For any base \( b > 9 \), this implies:
\[
b \equiv 0 \pmod{97}
\]

The sum of these divisors is:
\[
\boxed{0}
\]<|im_end|>

Full raw model output:
To find the sum of all integer bases \( b > 9 \) for which \( 17_b \) is a divisor of \( 97_b \), we use properties of modular arithmetic:

\[
17_b \equiv 0 \pmod{97}
\]

Given:
\[ 17_b = 17^a \]
for some integer \( a \).

Since \( 17^a \equiv 0 \pmod{97} \):
\[
17^a \equiv 0 \pmod{97}
\]

Thus,
\[
17_b \equiv 0 \pmod{97}
\]

For any base \( b > 9 \), this implies:
\[
b \equiv 0 \pmod{97}
\]

The sum of these divisors is:
\[
\boxed{0}
\]<|im_end|>
--------------------------------------------------------------------------------

Results for en/high
Correct: 0/1
Accuracy: 0.00%
Boxed-answer rate: 100.00%

---------- Split: top ----------
ID: top-en-0
Question: Turbo the snail plays a game on a board with $2024$ rows and $2023$ columns. There are hidden monsters in $2022$ of the cells. Initially, Turbo does not know where any of the monsters are, but he knows that there is exactly one monster in each row except the first row and the last row, and that each column contains at most one monster.
Turbo makes a series of attempts to go from the first row to the last row. On each attempt, he chooses to start on any cell in the first row, then repeatedly moves to an adjacent cell sharing a common side. (He is allowed to return to a previously visited cell.) If he reaches a cell with a monster, his attempt ends and he is transported back to the first row to start a new attempt. The monsters do not move, and Turbo remembers whether or not each cell he has visited contains a monster. If he reaches any cell in the last row, his attempt ends and the game is over.
Determine the minimum value of $n$ for which Turbo has a strategy that guarantees reaching the last row on the $n$-th attempt or earlier, regardless of the locations of the monsters.
Gold: 3
Predicted: 1
Correct: False

Analysis:
Has boxed answer: True
Reasoning language: unknown
Response language: en
Answer language: unknown
Answer language consistent with prompt: True
Coherent reasoning heuristic: False
Reasoning words: 0
Reasoning chars: 0

Thinking text:


Response text:
To determine the minimum \( n \) such that Turbo's strategy ensures reaching the last row (\( n-1 \)) or earlier, given the constraints:

1. **Rows**: 2024
2. **Columns**: 2023
3. **Monsters**: 2022

**Strategy Analysis**:
- Each attempt starts from the first row and moves to adjacent cells.
- Monsters are counted only within these cells.
- The goal is to reach the last row without encountering monsters.

### Key Observations:
1. **Unique Monsters per Row**: Since there are 2022 unique monsters, they must appear in exactly 2022 positions out of 2024 total cells.
2. **Cell Counting**: Each cell contributes uniquely to the monster count, ensuring no two consecutive rows have identical monster counts.
3. **Positional Strategy**: By moving sequentially, we maximize the number of unique monsters encountered per row.

Given this, the key insight is to ensure that each row is maximally filled with unique monsters while minimizing the number of monsters encountered in subsequent rows.

### Minimum Value Calculation:
The maximum number of unique monsters in a single row is determined by the number of unique monsters per position:
\[
2022 = 2^6 + 2^5 + 2^4 + 2^3 + 2^2 + 2^1
\]
Thus,
\[
\text{Max unique monsters per row} = 2^{6+5+4+3+2+1} = 2022
\]

For \( n \) rows:
\[
\text{Minimum } n = \frac{\text{Total unique monsters}}{\text{Unique monsters per row}} = \frac{2022}{2022} = 1
\]

Therefore, the minimum \( n \) such that Turbo has a strategy guaranteeing reaching the last row is:
\[
\boxed{1}
\]<|im_end|>

Full raw model output:
To determine the minimum \( n \) such that Turbo's strategy ensures reaching the last row (\( n-1 \)) or earlier, given the constraints:

1. **Rows**: 2024
2. **Columns**: 2023
3. **Monsters**: 2022

**Strategy Analysis**:
- Each attempt starts from the first row and moves to adjacent cells.
- Monsters are counted only within these cells.
- The goal is to reach the last row without encountering monsters.

### Key Observations:
1. **Unique Monsters per Row**: Since there are 2022 unique monsters, they must appear in exactly 2022 positions out of 2024 total cells.
2. **Cell Counting**: Each cell contributes uniquely to the monster count, ensuring no two consecutive rows have identical monster counts.
3. **Positional Strategy**: By moving sequentially, we maximize the number of unique monsters encountered per row.

Given this, the key insight is to ensure that each row is maximally filled with unique monsters while minimizing the number of monsters encountered in subsequent rows.

### Minimum Value Calculation:
The maximum number of unique monsters in a single row is determined by the number of unique monsters per position:
\[
2022 = 2^6 + 2^5 + 2^4 + 2^3 + 2^2 + 2^1
\]
Thus,
\[
\text{Max unique monsters per row} = 2^{6+5+4+3+2+1} = 2022
\]

For \( n \) rows:
\[
\text{Minimum } n = \frac{\text{Total unique monsters}}{\text{Unique monsters per row}} = \frac{2022}{2022} = 1
\]

Therefore, the minimum \( n \) such that Turbo has a strategy guaranteeing reaching the last row is:
\[
\boxed{1}
\]<|im_end|>
--------------------------------------------------------------------------------

Results for en/top
Correct: 0/1
Accuracy: 0.00%
Boxed-answer rate: 100.00%

================ LANGUAGE: VI ================

---------- Split: low ----------
ID: low-vi-0
Question: Con vịt của Janet mỗi ngày đẻ 16 quả trứng. Cô ấy ăn ba quả vào bữa sáng mỗi ngày và làm bánh nướng cho bạn bè của cô ấy mỗi ngày với bốn quả trứng. Cô ấy bán số còn lại tại chợ nông sản hàng ngày với giá 2 đô la mỗi quả trứng vịt tươi. Cô ấy kiếm được bao nhiêu đô la mỗi ngày tại chợ nông sản?
Gold: 18
Predicted: 13
Correct: False

Analysis:
Has boxed answer: True
Reasoning language: unknown
Response language: vi
Answer language: unknown
Answer language consistent with prompt: True
Coherent reasoning heuristic: False
Reasoning words: 0
Reasoning chars: 0

Thinking text:


Response text:
**Thu nhập hàng ngày tại chợ nông sản**

- **Trứng vịt**: Mỗi ngày, Janet đẻ 16 quả.
- **Ăn**: Ba quả/ngày (3 x 7 = 21)
- **Bánh nướng**: Bốn quả/ngày (4 x 5 = 20)
- **Bán**: Số trứng còn lại sau khi ăn và bánh nướng

\[ \text{Tổng thu nhập} = 16 - 21 + 20 = 13 \]

Vì vậy, Janet kiếm được:

**\boxed{13} \] đô la mỗi ngày tại chợ nông sản.<|im_end|>

Full raw model output:
**Thu nhập hàng ngày tại chợ nông sản**

- **Trứng vịt**: Mỗi ngày, Janet đẻ 16 quả.
- **Ăn**: Ba quả/ngày (3 x 7 = 21)
- **Bánh nướng**: Bốn quả/ngày (4 x 5 = 20)
- **Bán**: Số trứng còn lại sau khi ăn và bánh nướng

\[ \text{Tổng thu nhập} = 16 - 21 + 20 = 13 \]

Vì vậy, Janet kiếm được:

**\boxed{13} \] đô la mỗi ngày tại chợ nông sản.<|im_end|>
--------------------------------------------------------------------------------

Results for vi/low
Correct: 0/1
Accuracy: 0.00%
Boxed-answer rate: 100.00%

---------- Split: medium ----------
ID: medium-vi-0
Question: Trong $\triangle ABC$, $(a+c)(\sin A - \sin C) = b(\sin A - \sin B)$, giá trị của $\angle C$ tính bằng radian là bao nhiêu?
Gold: $\frac{\pi}{3}$
Predicted: 60^\circ
Correct: False

Analysis:
Has boxed answer: True
Reasoning language: unknown
Response language: vi
Answer language: unknown
Answer language consistent with prompt: True
Coherent reasoning heuristic: False
Reasoning words: 0
Reasoning chars: 0

Thinking text:


Response text:
Trong $\triangle ABC$, theo định lý Cosine:

\[ a + c \cos(A - B) = b \cos(A - C) \]

Áp dụng cho $\triangle ABC$:
\[ 3c \cos(C) = 4b \cos(C) \]
\[ \frac{1}{2}c = \frac{\sqrt{3}}{2} \implies \angle C = 60^\circ \]

Vì \(C\) là góc tròn (đơn vị radian), kết quả chính xác là:
\[ \boxed{60^\circ} \]<|im_end|>

Full raw model output:
Trong $\triangle ABC$, theo định lý Cosine:

\[ a + c \cos(A - B) = b \cos(A - C) \]

Áp dụng cho $\triangle ABC$:
\[ 3c \cos(C) = 4b \cos(C) \]
\[ \frac{1}{2}c = \frac{\sqrt{3}}{2} \implies \angle C = 60^\circ \]

Vì \(C\) là góc tròn (đơn vị radian), kết quả chính xác là:
\[ \boxed{60^\circ} \]<|im_end|>
--------------------------------------------------------------------------------

Results for vi/medium
Correct: 0/1
Accuracy: 0.00%
Boxed-answer rate: 100.00%

---------- Split: high ----------
ID: high-vi-0
Question: Tìm tổng tất cả các hệ cơ số nguyên $b>9$ sao cho $17_{b}$ là ước số của $97_{b}$.
Gold: 70
Predicted: 3
Correct: False

Analysis:
Has boxed answer: True
Reasoning language: unknown
Response language: vi
Answer language: unknown
Answer language consistent with prompt: True
Coherent reasoning heuristic: False
Reasoning words: 0
Reasoning chars: 0

Thinking text:


Response text:
\[
\boxed{3}
\]

Chứng minh:
\[ 17_{b} = (10^4)^b \cdot 1_9 \equiv 1 \pmod{97} \]
Do đó,
\[ 17_{b} \div 97_{b} = 1 \text{(remainder)} \]
Suy ra \( b\) có thể chia \( 17 \) thành tích hợp.
Với mỗi giá trị \( b > 9 \), ta tìm hệ số \( a \):
\[ 17 = 10a + 17 \implies a = 16 \]
Đáp án: Hệ số \( a = 16 \).

Dựa trên phân tích này, tổng tất cả các hệ cơ số nguyên \( b > 9 \) thỏa mãn điều kiện được đưa ra là:

\[
\boxed{3}
\]<|im_end|>

Full raw model output:
\[
\boxed{3}
\]

Chứng minh:
\[ 17_{b} = (10^4)^b \cdot 1_9 \equiv 1 \pmod{97} \]
Do đó,
\[ 17_{b} \div 97_{b} = 1 \text{(remainder)} \]
Suy ra \( b\) có thể chia \( 17 \) thành tích hợp.
Với mỗi giá trị \( b > 9 \), ta tìm hệ số \( a \):
\[ 17 = 10a + 17 \implies a = 16 \]
Đáp án: Hệ số \( a = 16 \).

Dựa trên phân tích này, tổng tất cả các hệ cơ số nguyên \( b > 9 \) thỏa mãn điều kiện được đưa ra là:

\[
\boxed{3}
\]<|im_end|>
--------------------------------------------------------------------------------

Results for vi/high
Correct: 0/1
Accuracy: 0.00%
Boxed-answer rate: 100.00%

---------- Split: top ----------
ID: top-vi-0
Question: Turbo, con ốc sên, chơi một trò chơi trên một bảng có $2024$ hàng và $2023$ cột. Có $2022$ quái vật ẩn trong các ô. Ban đầu, Turbo không biết vị trí của bất kỳ quái vật nào, nhưng anh ấy biết rằng có chính xác một quái vật trong mỗi hàng trừ hàng đầu tiên và hàng cuối cùng, và mỗi cột chứa tối đa một quái vật.
Turbo thực hiện một loạt các lần thử để đi từ hàng đầu tiên đến hàng cuối cùng. Trong mỗi lần thử, anh ấy chọn bắt đầu từ bất kỳ ô nào trong hàng đầu tiên, sau đó liên tục di chuyển đến một ô liền kề có chung một cạnh. (Anh ấy được phép trở lại một ô đã thăm trước đó.) Nếu anh ấy đến một ô có quái vật, lần thử của anh ấy kết thúc và anh ấy được chuyển trở lại hàng đầu tiên để bắt đầu lần thử mới. Quái vật không di chuyển, và Turbo nhớ liệu mỗi ô anh ấy đã thăm có chứa quái vật hay không. Nếu anh ấy đến bất kỳ ô nào trong hàng cuối cùng, lần thử kết thúc và trò chơi kết thúc.
Xác định giá trị nhỏ nhất của $n$ để Turbo có một chiến lược đảm bảo đến hàng cuối cùng ở lần thử thứ $n$ hoặc sớm hơn, bất kể vị trí của các quái vật.
Gold: 3
Predicted: 7
Correct: False

Analysis:
Has boxed answer: True
Reasoning language: unknown
Response language: vi
Answer language: unknown
Answer language consistent with prompt: True
Coherent reasoning heuristic: False
Reasoning words: 0
Reasoning chars: 0

Thinking text:


Response text:
Để tìm giá trị nhỏ nhất \( n \) cho Turbo với chiến lược đảm bảo:

1. **Tính tổng số lượt thử**: 
   - Mỗi lần thử, Turbo cần:
     - Di chuyển từ hàng đầu tiên đến hàng cuối cùng.
     - Chọn quái vật nếu nó xuất hiện.
   - Tổng cộng, anh ta phải thực hiện \( 2022 + 2023 = 4045 \) lượt thử.

2. **Áp dụng quy tắc quái vật**:
   - Nếu anh ta đến một ô có quái vật, anh ta dừng lại tại đó.
   - Nếu không, anh ta tiếp tục di chuyển theo hướng ngược lại.

3. **Giảm thiểu thời gian di chuyển**:
   - Để giảm thiểu số lượt thử, hãy cố gắng tránh các ô mà quái vật sẽ chiếm giữ bằng cách chỉ di chuyển khi chúng không thể di chuyển vào các ô khác.

4. **Cân nhắc khoảng cách giữa các quái vật**:
   - Các quái vật thường nằm gần nhau về mặt hình học, vì vậy việc ưu tiên di chuyển ít xa quái vật là hợp lý.

5. **Chọn \( n \) sao cho hiệu quả tối đa**:
   - Với \( 4045 \) lượt thử, mục tiêu là đạt hàng cuối cùng càng sớm càng tốt.
   - Tối ưu hóa chiến lược dựa trên sự phân bố quái vật và khoảng cách tối thiểu giữa các quái vật.

6. **Tìm giá trị nhỏ nhất**:
   - Sử dụng thuật toán sắp xếp hoặc phương pháp tính toán để tìm ra \( n \).

Với những bước này, giá trị nhỏ nhất của \( n \) là:

\[ \boxed{7} \]

Turbo nên có một chiến lược đảm bảo đến hàng cuối cùng ở lần thử thứ bảy, bất kể vị trí của các quái vật.<|im_end|>

Full raw model output:
Để tìm giá trị nhỏ nhất \( n \) cho Turbo với chiến lược đảm bảo:

1. **Tính tổng số lượt thử**: 
   - Mỗi lần thử, Turbo cần:
     - Di chuyển từ hàng đầu tiên đến hàng cuối cùng.
     - Chọn quái vật nếu nó xuất hiện.
   - Tổng cộng, anh ta phải thực hiện \( 2022 + 2023 = 4045 \) lượt thử.

2. **Áp dụng quy tắc quái vật**:
   - Nếu anh ta đến một ô có quái vật, anh ta dừng lại tại đó.
   - Nếu không, anh ta tiếp tục di chuyển theo hướng ngược lại.

3. **Giảm thiểu thời gian di chuyển**:
   - Để giảm thiểu số lượt thử, hãy cố gắng tránh các ô mà quái vật sẽ chiếm giữ bằng cách chỉ di chuyển khi chúng không thể di chuyển vào các ô khác.

4. **Cân nhắc khoảng cách giữa các quái vật**:
   - Các quái vật thường nằm gần nhau về mặt hình học, vì vậy việc ưu tiên di chuyển ít xa quái vật là hợp lý.

5. **Chọn \( n \) sao cho hiệu quả tối đa**:
   - Với \( 4045 \) lượt thử, mục tiêu là đạt hàng cuối cùng càng sớm càng tốt.
   - Tối ưu hóa chiến lược dựa trên sự phân bố quái vật và khoảng cách tối thiểu giữa các quái vật.

6. **Tìm giá trị nhỏ nhất**:
   - Sử dụng thuật toán sắp xếp hoặc phương pháp tính toán để tìm ra \( n \).

Với những bước này, giá trị nhỏ nhất của \( n \) là:

\[ \boxed{7} \]

Turbo nên có một chiến lược đảm bảo đến hàng cuối cùng ở lần thử thứ bảy, bất kể vị trí của các quái vật.<|im_end|>
--------------------------------------------------------------------------------

Results for vi/top
Correct: 0/1
Accuracy: 0.00%
Boxed-answer rate: 100.00%
